// Jest Snapshot v1, https://goo.gl/fbAQLP

exports[`Text component tests Should render correctly with default props 1`] = `
<p
  className="text-style"
  style={
    Object {
      "color": "#000000",
      "fontSize": 14,
    }
  }
>
  Test Text
</p>
`;
